Archive member included to satisfy reference by file (symbol)

c:/st/stm32cubeide_1.0.2/stm32cubeide/plugins/com.st.stm32cube.ide.mcu.externaltools.gnu-tools-for-stm32.7-2018-q2-update.win32_1.0.0.201904181610/tools/bin/../lib/gcc/arm-none-eabi/7.3.1/../../../../arm-none-eabi/lib/thumb/v7e-m\libc_nano.a(lib_a-errno.o)
                              Src/syscalls.o (__errno)
c:/st/stm32cubeide_1.0.2/stm32cubeide/plugins/com.st.stm32cube.ide.mcu.externaltools.gnu-tools-for-stm32.7-2018-q2-update.win32_1.0.0.201904181610/tools/bin/../lib/gcc/arm-none-eabi/7.3.1/../../../../arm-none-eabi/lib/thumb/v7e-m\libc_nano.a(lib_a-exit.o)
                              c:/st/stm32cubeide_1.0.2/stm32cubeide/plugins/com.st.stm32cube.ide.mcu.externaltools.gnu-tools-for-stm32.7-2018-q2-update.win32_1.0.0.201904181610/tools/bin/../lib/gcc/arm-none-eabi/7.3.1/../../../../arm-none-eabi/lib/thumb/v7e-m/crt0.o (exit)
c:/st/stm32cubeide_1.0.2/stm32cubeide/plugins/com.st.stm32cube.ide.mcu.externaltools.gnu-tools-for-stm32.7-2018-q2-update.win32_1.0.0.201904181610/tools/bin/../lib/gcc/arm-none-eabi/7.3.1/../../../../arm-none-eabi/lib/thumb/v7e-m\libc_nano.a(lib_a-impure.o)
                              c:/st/stm32cubeide_1.0.2/stm32cubeide/plugins/com.st.stm32cube.ide.mcu.externaltools.gnu-tools-for-stm32.7-2018-q2-update.win32_1.0.0.201904181610/tools/bin/../lib/gcc/arm-none-eabi/7.3.1/../../../../arm-none-eabi/lib/thumb/v7e-m\libc_nano.a(lib_a-exit.o) (_global_impure_ptr)
c:/st/stm32cubeide_1.0.2/stm32cubeide/plugins/com.st.stm32cube.ide.mcu.externaltools.gnu-tools-for-stm32.7-2018-q2-update.win32_1.0.0.201904181610/tools/bin/../lib/gcc/arm-none-eabi/7.3.1/../../../../arm-none-eabi/lib/thumb/v7e-m\libc_nano.a(lib_a-init.o)
                              c:/st/stm32cubeide_1.0.2/stm32cubeide/plugins/com.st.stm32cube.ide.mcu.externaltools.gnu-tools-for-stm32.7-2018-q2-update.win32_1.0.0.201904181610/tools/bin/../lib/gcc/arm-none-eabi/7.3.1/../../../../arm-none-eabi/lib/thumb/v7e-m/crt0.o (__libc_init_array)
c:/st/stm32cubeide_1.0.2/stm32cubeide/plugins/com.st.stm32cube.ide.mcu.externaltools.gnu-tools-for-stm32.7-2018-q2-update.win32_1.0.0.201904181610/tools/bin/../lib/gcc/arm-none-eabi/7.3.1/../../../../arm-none-eabi/lib/thumb/v7e-m\libc_nano.a(lib_a-memset.o)
                              c:/st/stm32cubeide_1.0.2/stm32cubeide/plugins/com.st.stm32cube.ide.mcu.externaltools.gnu-tools-for-stm32.7-2018-q2-update.win32_1.0.0.201904181610/tools/bin/../lib/gcc/arm-none-eabi/7.3.1/../../../../arm-none-eabi/lib/thumb/v7e-m/crt0.o (memset)
c:/st/stm32cubeide_1.0.2/stm32cubeide/plugins/com.st.stm32cube.ide.mcu.externaltools.gnu-tools-for-stm32.7-2018-q2-update.win32_1.0.0.201904181610/tools/bin/../lib/gcc/arm-none-eabi/7.3.1/../../../../arm-none-eabi/lib/thumb/v7e-m\libc_nano.a(lib_a-strlen.o)
                              Src/uart_tx.o (strlen)

Allocating common symbols
Common symbol       size              file

usart2_handle       0x24              Src/uart_tx.o

Discarded input sections

 .text          0x0000000000000000        0x0 c:/st/stm32cubeide_1.0.2/stm32cubeide/plugins/com.st.stm32cube.ide.mcu.externaltools.gnu-tools-for-stm32.7-2018-q2-update.win32_1.0.0.201904181610/tools/bin/../lib/gcc/arm-none-eabi/7.3.1/thumb/v7e-m/crti.o
 .data          0x0000000000000000        0x0 c:/st/stm32cubeide_1.0.2/stm32cubeide/plugins/com.st.stm32cube.ide.mcu.externaltools.gnu-tools-for-stm32.7-2018-q2-update.win32_1.0.0.201904181610/tools/bin/../lib/gcc/arm-none-eabi/7.3.1/thumb/v7e-m/crti.o
 .bss           0x0000000000000000        0x0 c:/st/stm32cubeide_1.0.2/stm32cubeide/plugins/com.st.stm32cube.ide.mcu.externaltools.gnu-tools-for-stm32.7-2018-q2-update.win32_1.0.0.201904181610/tools/bin/../lib/gcc/arm-none-eabi/7.3.1/thumb/v7e-m/crti.o
 .data          0x0000000000000000        0x4 c:/st/stm32cubeide_1.0.2/stm32cubeide/plugins/com.st.stm32cube.ide.mcu.externaltools.gnu-tools-for-stm32.7-2018-q2-update.win32_1.0.0.201904181610/tools/bin/../lib/gcc/arm-none-eabi/7.3.1/thumb/v7e-m/crtbegin.o
 .text          0x0000000000000000       0x74 c:/st/stm32cubeide_1.0.2/stm32cubeide/plugins/com.st.stm32cube.ide.mcu.externaltools.gnu-tools-for-stm32.7-2018-q2-update.win32_1.0.0.201904181610/tools/bin/../lib/gcc/arm-none-eabi/7.3.1/../../../../arm-none-eabi/lib/thumb/v7e-m/crt0.o
 .data          0x0000000000000000        0x0 c:/st/stm32cubeide_1.0.2/stm32cubeide/plugins/com.st.stm32cube.ide.mcu.externaltools.gnu-tools-for-stm32.7-2018-q2-update.win32_1.0.0.201904181610/tools/bin/../lib/gcc/arm-none-eabi/7.3.1/../../../../arm-none-eabi/lib/thumb/v7e-m/crt0.o
 .bss           0x0000000000000000        0x0 c:/st/stm32cubeide_1.0.2/stm32cubeide/plugins/com.st.stm32cube.ide.mcu.externaltools.gnu-tools-for-stm32.7-2018-q2-update.win32_1.0.0.201904181610/tools/bin/../lib/gcc/arm-none-eabi/7.3.1/../../../../arm-none-eabi/lib/thumb/v7e-m/crt0.o
 .ARM.extab     0x0000000000000000        0x0 c:/st/stm32cubeide_1.0.2/stm32cubeide/plugins/com.st.stm32cube.ide.mcu.externaltools.gnu-tools-for-stm32.7-2018-q2-update.win32_1.0.0.201904181610/tools/bin/../lib/gcc/arm-none-eabi/7.3.1/../../../../arm-none-eabi/lib/thumb/v7e-m/crt0.o
 .ARM.exidx     0x0000000000000000        0x8 c:/st/stm32cubeide_1.0.2/stm32cubeide/plugins/com.st.stm32cube.ide.mcu.externaltools.gnu-tools-for-stm32.7-2018-q2-update.win32_1.0.0.201904181610/tools/bin/../lib/gcc/arm-none-eabi/7.3.1/../../../../arm-none-eabi/lib/thumb/v7e-m/crt0.o
 .ARM.attributes
                0x0000000000000000       0x1c c:/st/stm32cubeide_1.0.2/stm32cubeide/plugins/com.st.stm32cube.ide.mcu.externaltools.gnu-tools-for-stm32.7-2018-q2-update.win32_1.0.0.201904181610/tools/bin/../lib/gcc/arm-none-eabi/7.3.1/../../../../arm-none-eabi/lib/thumb/v7e-m/crt0.o
 .group         0x0000000000000000        0xc Src/syscalls.o
 .group         0x0000000000000000        0xc Src/syscalls.o
 .group         0x0000000000000000        0xc Src/syscalls.o
 .group         0x0000000000000000        0xc Src/syscalls.o
 .group         0x0000000000000000        0xc Src/syscalls.o
 .group         0x0000000000000000        0xc Src/syscalls.o
 .group         0x0000000000000000        0xc Src/syscalls.o
 .group         0x0000000000000000        0xc Src/syscalls.o
 .group         0x0000000000000000        0xc Src/syscalls.o
 .group         0x0000000000000000        0xc Src/syscalls.o
 .group         0x0000000000000000        0xc Src/syscalls.o
 .group         0x0000000000000000        0xc Src/syscalls.o
 .group         0x0000000000000000        0xc Src/syscalls.o
 .group         0x0000000000000000        0xc Src/syscalls.o
 .group         0x0000000000000000        0xc Src/syscalls.o
 .group         0x0000000000000000        0xc Src/syscalls.o
 .group         0x0000000000000000        0xc Src/syscalls.o
 .group         0x0000000000000000        0xc Src/syscalls.o
 .group         0x0000000000000000        0xc Src/syscalls.o
 .group         0x0000000000000000        0xc Src/syscalls.o
 .group         0x0000000000000000        0xc Src/syscalls.o
 .group         0x0000000000000000        0xc Src/syscalls.o
 .group         0x0000000000000000        0xc Src/syscalls.o
 .group         0x0000000000000000        0xc Src/syscalls.o
 .group         0x0000000000000000        0xc Src/syscalls.o
 .group         0x0000000000000000        0xc Src/syscalls.o
 .group         0x0000000000000000        0xc Src/syscalls.o
 .group         0x0000000000000000        0xc Src/syscalls.o
 .group         0x0000000000000000        0xc Src/syscalls.o
 .group         0x0000000000000000        0xc Src/syscalls.o
 .group         0x0000000000000000        0xc Src/syscalls.o
 .group         0x0000000000000000        0xc Src/syscalls.o
 .group         0x0000000000000000        0xc Src/syscalls.o
 .group         0x0000000000000000        0xc Src/syscalls.o
 .group         0x0000000000000000        0xc Src/syscalls.o
 .group         0x0000000000000000        0xc Src/syscalls.o
 .group         0x0000000000000000        0xc Src/syscalls.o
 .group         0x0000000000000000        0xc Src/syscalls.o
 .group         0x0000000000000000        0xc Src/syscalls.o
 .group         0x0000000000000000        0xc Src/syscalls.o
 .group         0x0000000000000000        0xc Src/syscalls.o
 .group         0x0000000000000000        0xc Src/syscalls.o
 .group         0x0000000000000000        0xc Src/syscalls.o
 .group         0x0000000000000000        0xc Src/syscalls.o
 .text          0x0000000000000000        0x0 Src/syscalls.o
 .data          0x0000000000000000        0x0 Src/syscalls.o
 .bss           0x0000000000000000        0x0 Src/syscalls.o
 .text.ITM_SendChar
                0x0000000000000000       0x4c Src/syscalls.o
 .bss.__env     0x0000000000000000        0x4 Src/syscalls.o
 .data.environ  0x0000000000000000        0x4 Src/syscalls.o
 .text.initialise_monitor_handles
                0x0000000000000000        0xc Src/syscalls.o
 .text._getpid  0x0000000000000000        0xe Src/syscalls.o
 .text._kill    0x0000000000000000       0x20 Src/syscalls.o
 .text._exit    0x0000000000000000       0x14 Src/syscalls.o
 .text._read    0x0000000000000000       0x3a Src/syscalls.o
 .text._write   0x0000000000000000       0x38 Src/syscalls.o
 .text._close   0x0000000000000000       0x16 Src/syscalls.o
 .text._fstat   0x0000000000000000       0x1e Src/syscalls.o
 .text._isatty  0x0000000000000000       0x14 Src/syscalls.o
 .text._lseek   0x0000000000000000       0x18 Src/syscalls.o
 .text._open    0x0000000000000000       0x1a Src/syscalls.o
 .text._wait    0x0000000000000000       0x1e Src/syscalls.o
 .text._unlink  0x0000000000000000       0x1e Src/syscalls.o
 .text._times   0x0000000000000000       0x16 Src/syscalls.o
 .text._stat    0x0000000000000000       0x1e Src/syscalls.o
 .text._link    0x0000000000000000       0x20 Src/syscalls.o
 .text._fork    0x0000000000000000       0x16 Src/syscalls.o
 .text._execve  0x0000000000000000       0x22 Src/syscalls.o
 .debug_info    0x0000000000000000      0xefd Src/syscalls.o
 .debug_abbrev  0x0000000000000000      0x279 Src/syscalls.o
 .debug_aranges
                0x0000000000000000       0xb0 Src/syscalls.o
 .debug_ranges  0x0000000000000000       0xa0 Src/syscalls.o
 .debug_macro   0x0000000000000000      0x255 Src/syscalls.o
 .debug_macro   0x0000000000000000      0xa66 Src/syscalls.o
 .debug_macro   0x0000000000000000       0x22 Src/syscalls.o
 .debug_macro   0x0000000000000000       0x40 Src/syscalls.o
 .debug_macro   0x0000000000000000       0x18 Src/syscalls.o
 .debug_macro   0x0000000000000000       0x94 Src/syscalls.o
 .debug_macro   0x0000000000000000       0x3c Src/syscalls.o
 .debug_macro   0x0000000000000000       0x34 Src/syscalls.o
 .debug_macro   0x0000000000000000       0x57 Src/syscalls.o
 .debug_macro   0x0000000000000000      0x174 Src/syscalls.o
 .debug_macro   0x0000000000000000      0x330 Src/syscalls.o
 .debug_macro   0x0000000000000000       0x52 Src/syscalls.o
 .debug_macro   0x0000000000000000       0x1f Src/syscalls.o
 .debug_macro   0x0000000000000000       0x43 Src/syscalls.o
 .debug_macro   0x0000000000000000       0x20 Src/syscalls.o
 .debug_macro   0x0000000000000000      0x1a3 Src/syscalls.o
 .debug_macro   0x0000000000000000       0x10 Src/syscalls.o
 .debug_macro   0x0000000000000000       0x35 Src/syscalls.o
 .debug_macro   0x0000000000000000       0x10 Src/syscalls.o
 .debug_macro   0x0000000000000000       0x10 Src/syscalls.o
 .debug_macro   0x0000000000000000       0x10 Src/syscalls.o
 .debug_macro   0x0000000000000000       0x6a Src/syscalls.o
 .debug_macro   0x0000000000000000       0x1c Src/syscalls.o
 .debug_macro   0x0000000000000000       0x52 Src/syscalls.o
 .debug_macro   0x0000000000000000       0x40 Src/syscalls.o
 .debug_macro   0x0000000000000000       0x10 Src/syscalls.o
 .debug_macro   0x0000000000000000       0x40 Src/syscalls.o
 .debug_macro   0x0000000000000000       0xd7 Src/syscalls.o
 .debug_macro   0x0000000000000000       0x1c Src/syscalls.o
 .debug_macro   0x0000000000000000       0x3d Src/syscalls.o
 .debug_macro   0x0000000000000000       0x35 Src/syscalls.o
 .debug_macro   0x0000000000000000      0x122 Src/syscalls.o
 .debug_macro   0x0000000000000000       0x16 Src/syscalls.o
 .debug_macro   0x0000000000000000       0x16 Src/syscalls.o
 .debug_macro   0x0000000000000000       0x29 Src/syscalls.o
 .debug_macro   0x0000000000000000       0x10 Src/syscalls.o
 .debug_macro   0x0000000000000000      0x241 Src/syscalls.o
 .debug_macro   0x0000000000000000       0x1c Src/syscalls.o
 .debug_macro   0x0000000000000000       0x10 Src/syscalls.o
 .debug_macro   0x0000000000000000       0x10 Src/syscalls.o
 .debug_macro   0x0000000000000000       0x16 Src/syscalls.o
 .debug_macro   0x0000000000000000      0x145 Src/syscalls.o
 .debug_macro   0x0000000000000000      0x189 Src/syscalls.o
 .debug_macro   0x0000000000000000       0x16 Src/syscalls.o
 .debug_macro   0x0000000000000000       0x88 Src/syscalls.o
 .debug_line    0x0000000000000000      0x759 Src/syscalls.o
 .debug_str     0x0000000000000000     0x8932 Src/syscalls.o
 .comment       0x0000000000000000       0x7c Src/syscalls.o
 .debug_frame   0x0000000000000000      0x2d4 Src/syscalls.o
 .ARM.attributes
                0x0000000000000000       0x33 Src/syscalls.o
 .group         0x0000000000000000        0xc Src/sysmem.o
 .group         0x0000000000000000        0xc Src/sysmem.o
 .group         0x0000000000000000        0xc Src/sysmem.o
 .group         0x0000000000000000        0xc Src/sysmem.o
 .group         0x0000000000000000        0xc Src/sysmem.o
 .group         0x0000000000000000        0xc Src/sysmem.o
 .group         0x0000000000000000        0xc Src/sysmem.o
 .group         0x0000000000000000        0xc Src/sysmem.o
 .group         0x0000000000000000        0xc Src/sysmem.o
 .group         0x0000000000000000        0xc Src/sysmem.o
 .group         0x0000000000000000        0xc Src/sysmem.o
 .group         0x0000000000000000        0xc Src/sysmem.o
 .group         0x0000000000000000        0xc Src/sysmem.o
 .group         0x0000000000000000        0xc Src/sysmem.o
 .group         0x0000000000000000        0xc Src/sysmem.o
 .group         0x0000000000000000        0xc Src/sysmem.o
 .group         0x0000000000000000        0xc Src/sysmem.o
 .group         0x0000000000000000        0xc Src/sysmem.o
 .group         0x0000000000000000        0xc Src/sysmem.o
 .group         0x0000000000000000        0xc Src/sysmem.o
 .group         0x0000000000000000        0xc Src/sysmem.o
 .group         0x0000000000000000        0xc Src/sysmem.o
 .group         0x0000000000000000        0xc Src/sysmem.o
 .group         0x0000000000000000        0xc Src/sysmem.o
 .group         0x0000000000000000        0xc Src/sysmem.o
 .group         0x0000000000000000        0xc Src/sysmem.o
 .group         0x0000000000000000        0xc Src/sysmem.o
 .group         0x0000000000000000        0xc Src/sysmem.o
 .group         0x0000000000000000        0xc Src/sysmem.o
 .group         0x0000000000000000        0xc Src/sysmem.o
 .group         0x0000000000000000        0xc Src/sysmem.o
 .group         0x0000000000000000        0xc Src/sysmem.o
 .text          0x0000000000000000        0x0 Src/sysmem.o
 .data          0x0000000000000000        0x0 Src/sysmem.o
 .bss           0x0000000000000000        0x0 Src/sysmem.o
 .bss.heap_end.5149
                0x0000000000000000        0x4 Src/sysmem.o
 .text._sbrk    0x0000000000000000       0x58 Src/sysmem.o
 .debug_info    0x0000000000000000      0x91c Src/sysmem.o
 .debug_abbrev  0x0000000000000000      0x1bb Src/sysmem.o
 .debug_aranges
                0x0000000000000000       0x20 Src/sysmem.o
 .debug_ranges  0x0000000000000000       0x10 Src/sysmem.o
 .debug_macro   0x0000000000000000      0x1ae Src/sysmem.o
 .debug_macro   0x0000000000000000      0xa66 Src/sysmem.o
 .debug_macro   0x0000000000000000       0x10 Src/sysmem.o
 .debug_macro   0x0000000000000000       0x22 Src/sysmem.o
 .debug_macro   0x0000000000000000       0x40 Src/sysmem.o
 .debug_macro   0x0000000000000000       0x18 Src/sysmem.o
 .debug_macro   0x0000000000000000       0x94 Src/sysmem.o
 .debug_macro   0x0000000000000000       0x3c Src/sysmem.o
 .debug_macro   0x0000000000000000       0x34 Src/sysmem.o
 .debug_macro   0x0000000000000000      0x174 Src/sysmem.o
 .debug_macro   0x0000000000000000       0x57 Src/sysmem.o
 .debug_macro   0x0000000000000000       0x52 Src/sysmem.o
 .debug_macro   0x0000000000000000       0x1f Src/sysmem.o
 .debug_macro   0x0000000000000000       0x43 Src/sysmem.o
 .debug_macro   0x0000000000000000       0x20 Src/sysmem.o
 .debug_macro   0x0000000000000000      0x1a3 Src/sysmem.o
 .debug_macro   0x0000000000000000      0x23b Src/sysmem.o
 .debug_macro   0x0000000000000000       0x16 Src/sysmem.o
 .debug_macro   0x0000000000000000       0x35 Src/sysmem.o
 .debug_macro   0x0000000000000000      0x330 Src/sysmem.o
 .debug_macro   0x0000000000000000       0x10 Src/sysmem.o
 .debug_macro   0x0000000000000000       0x10 Src/sysmem.o
 .debug_macro   0x0000000000000000       0x6a Src/sysmem.o
 .debug_macro   0x0000000000000000       0x1c Src/sysmem.o
 .debug_macro   0x0000000000000000       0x52 Src/sysmem.o
 .debug_macro   0x0000000000000000       0x40 Src/sysmem.o
 .debug_macro   0x0000000000000000       0x10 Src/sysmem.o
 .debug_macro   0x0000000000000000       0x40 Src/sysmem.o
 .debug_macro   0x0000000000000000       0xd7 Src/sysmem.o
 .debug_macro   0x0000000000000000       0x1c Src/sysmem.o
 .debug_macro   0x0000000000000000       0x3d Src/sysmem.o
 .debug_macro   0x0000000000000000       0x16 Src/sysmem.o
 .debug_macro   0x0000000000000000      0x145 Src/sysmem.o
 .debug_line    0x0000000000000000      0x559 Src/sysmem.o
 .debug_str     0x0000000000000000     0x7ad0 Src/sysmem.o
 .comment       0x0000000000000000       0x7c Src/sysmem.o
 .debug_frame   0x0000000000000000       0x34 Src/sysmem.o
 .ARM.attributes
                0x0000000000000000       0x33 Src/sysmem.o
 .group         0x0000000000000000        0xc Src/uart_tx.o
 .group         0x0000000000000000        0xc Src/uart_tx.o
 .group         0x0000000000000000        0xc Src/uart_tx.o
 .group         0x0000000000000000        0xc Src/uart_tx.o
 .group         0x0000000000000000        0xc Src/uart_tx.o
 .group         0x0000000000000000        0xc Src/uart_tx.o
 .group         0x0000000000000000        0xc Src/uart_tx.o
 .group         0x0000000000000000        0xc Src/uart_tx.o
 .group         0x0000000000000000        0xc Src/uart_tx.o
 .group         0x0000000000000000        0xc Src/uart_tx.o
 .group         0x0000000000000000        0xc Src/uart_tx.o
 .group         0x0000000000000000        0xc Src/uart_tx.o
 .group         0x0000000000000000        0xc Src/uart_tx.o
 .group         0x0000000000000000        0xc Src/uart_tx.o
 .group         0x0000000000000000        0xc Src/uart_tx.o
 .group         0x0000000000000000        0xc Src/uart_tx.o
 .group         0x0000000000000000        0xc Src/uart_tx.o
 .group         0x0000000000000000        0xc Src/uart_tx.o
 .group         0x0000000000000000        0xc Src/uart_tx.o
 .group         0x0000000000000000        0xc Src/uart_tx.o
 .group         0x0000000000000000        0xc Src/uart_tx.o
 .group         0x0000000000000000        0xc Src/uart_tx.o
 .group         0x0000000000000000        0xc Src/uart_tx.o
 .group         0x0000000000000000        0xc Src/uart_tx.o
 .group         0x0000000000000000        0xc Src/uart_tx.o
 .group         0x0000000000000000        0xc Src/uart_tx.o
 .group         0x0000000000000000        0xc Src/uart_tx.o
 .group         0x0000000000000000        0xc Src/uart_tx.o
 .group         0x0000000000000000        0xc Src/uart_tx.o
 .group         0x0000000000000000        0xc Src/uart_tx.o
 .group         0x0000000000000000        0xc Src/uart_tx.o
 .group         0x0000000000000000        0xc Src/uart_tx.o
 .group         0x0000000000000000        0xc Src/uart_tx.o
 .group         0x0000000000000000        0xc Src/uart_tx.o
 .group         0x0000000000000000        0xc Src/uart_tx.o
 .group         0x0000000000000000        0xc Src/uart_tx.o
 .group         0x0000000000000000        0xc Src/uart_tx.o
 .group         0x0000000000000000        0xc Src/uart_tx.o
 .group         0x0000000000000000        0xc Src/uart_tx.o
 .text          0x0000000000000000        0x0 Src/uart_tx.o
 .data          0x0000000000000000        0x0 Src/uart_tx.o
 .bss           0x0000000000000000        0x0 Src/uart_tx.o
 .debug_macro   0x0000000000000000      0xa66 Src/uart_tx.o
 .debug_macro   0x0000000000000000       0x22 Src/uart_tx.o
 .debug_macro   0x0000000000000000       0x40 Src/uart_tx.o
 .debug_macro   0x0000000000000000       0x18 Src/uart_tx.o
 .debug_macro   0x0000000000000000       0x94 Src/uart_tx.o
 .debug_macro   0x0000000000000000       0x3c Src/uart_tx.o
 .debug_macro   0x0000000000000000       0x34 Src/uart_tx.o
 .debug_macro   0x0000000000000000       0x16 Src/uart_tx.o
 .debug_macro   0x0000000000000000       0x57 Src/uart_tx.o
 .debug_macro   0x0000000000000000      0x330 Src/uart_tx.o
 .debug_macro   0x0000000000000000       0x10 Src/uart_tx.o
 .debug_macro   0x0000000000000000       0x52 Src/uart_tx.o
 .debug_macro   0x0000000000000000       0x1f Src/uart_tx.o
 .debug_macro   0x0000000000000000       0x43 Src/uart_tx.o
 .debug_macro   0x0000000000000000       0x20 Src/uart_tx.o
 .debug_macro   0x0000000000000000      0x1a3 Src/uart_tx.o
 .debug_macro   0x0000000000000000       0x10 Src/uart_tx.o
 .debug_macro   0x0000000000000000       0x6a Src/uart_tx.o
 .debug_macro   0x0000000000000000       0x1c Src/uart_tx.o
 .debug_macro   0x0000000000000000       0x52 Src/uart_tx.o
 .debug_macro   0x0000000000000000       0x40 Src/uart_tx.o
 .debug_macro   0x0000000000000000       0x10 Src/uart_tx.o
 .debug_macro   0x0000000000000000       0x40 Src/uart_tx.o
 .debug_macro   0x0000000000000000       0xd7 Src/uart_tx.o
 .debug_macro   0x0000000000000000       0x1c Src/uart_tx.o
 .debug_macro   0x0000000000000000       0x3d Src/uart_tx.o
 .debug_macro   0x0000000000000000       0x16 Src/uart_tx.o
 .debug_macro   0x0000000000000000      0x145 Src/uart_tx.o
 .debug_macro   0x0000000000000000       0x35 Src/uart_tx.o
 .text          0x0000000000000000       0x14 Startup/startup_stm32f407vgtx.o
 .data          0x0000000000000000        0x0 Startup/startup_stm32f407vgtx.o
 .bss           0x0000000000000000        0x0 Startup/startup_stm32f407vgtx.o
 .group         0x0000000000000000        0xc driver/Src/stm32f407xx_gpiodriver.o
 .group         0x0000000000000000        0xc driver/Src/stm32f407xx_gpiodriver.o
 .group         0x0000000000000000        0xc driver/Src/stm32f407xx_gpiodriver.o
 .group         0x0000000000000000        0xc driver/Src/stm32f407xx_gpiodriver.o
 .group         0x0000000000000000        0xc driver/Src/stm32f407xx_gpiodriver.o
 .group         0x0000000000000000        0xc driver/Src/stm32f407xx_gpiodriver.o
 .group         0x0000000000000000        0xc driver/Src/stm32f407xx_gpiodriver.o
 .group         0x0000000000000000        0xc driver/Src/stm32f407xx_gpiodriver.o
 .group         0x0000000000000000        0xc driver/Src/stm32f407xx_gpiodriver.o
 .group         0x0000000000000000        0xc driver/Src/stm32f407xx_gpiodriver.o
 .group         0x0000000000000000        0xc driver/Src/stm32f407xx_gpiodriver.o
 .text          0x0000000000000000        0x0 driver/Src/stm32f407xx_gpiodriver.o
 .data          0x0000000000000000        0x0 driver/Src/stm32f407xx_gpiodriver.o
 .bss           0x0000000000000000        0x0 driver/Src/stm32f407xx_gpiodriver.o
 .text.GPIO_DeInit
                0x0000000000000000      0x16c driver/Src/stm32f407xx_gpiodriver.o
 .text.GPIO_ReadInputPort
                0x0000000000000000       0x1a driver/Src/stm32f407xx_gpiodriver.o
 .text.GPIO_WriteOutputPin
                0x0000000000000000       0x48 driver/Src/stm32f407xx_gpiodriver.o
 .text.GPIO_WriteOutputPort
                0x0000000000000000       0x1c driver/Src/stm32f407xx_gpiodriver.o
 .text.GPIO_ToggleOutputPin
                0x0000000000000000       0x28 driver/Src/stm32f407xx_gpiodriver.o
 .text.GPIO_IRQConfig
                0x0000000000000000      0x110 driver/Src/stm32f407xx_gpiodriver.o
 .text.GPIO_IRQPriorityConfig
                0x0000000000000000       0x5a driver/Src/stm32f407xx_gpiodriver.o
 .text.GPIO_IRQHandling
                0x0000000000000000       0x40 driver/Src/stm32f407xx_gpiodriver.o
 .debug_macro   0x0000000000000000      0xa66 driver/Src/stm32f407xx_gpiodriver.o
 .debug_macro   0x0000000000000000       0x22 driver/Src/stm32f407xx_gpiodriver.o
 .debug_macro   0x0000000000000000       0xef driver/Src/stm32f407xx_gpiodriver.o
 .debug_macro   0x0000000000000000       0x6a driver/Src/stm32f407xx_gpiodriver.o
 .debug_macro   0x0000000000000000      0x1df driver/Src/stm32f407xx_gpiodriver.o
 .debug_macro   0x0000000000000000      0x666 driver/Src/stm32f407xx_gpiodriver.o
 .debug_macro   0x0000000000000000       0x94 driver/Src/stm32f407xx_gpiodriver.o
 .debug_macro   0x0000000000000000       0xd6 driver/Src/stm32f407xx_gpiodriver.o
 .group         0x0000000000000000        0xc driver/Src/stm32f407xx_rcc_driver.o
 .group         0x0000000000000000        0xc driver/Src/stm32f407xx_rcc_driver.o
 .group         0x0000000000000000        0xc driver/Src/stm32f407xx_rcc_driver.o
 .group         0x0000000000000000        0xc driver/Src/stm32f407xx_rcc_driver.o
 .group         0x0000000000000000        0xc driver/Src/stm32f407xx_rcc_driver.o
 .group         0x0000000000000000        0xc driver/Src/stm32f407xx_rcc_driver.o
 .group         0x0000000000000000        0xc driver/Src/stm32f407xx_rcc_driver.o
 .group         0x0000000000000000        0xc driver/Src/stm32f407xx_rcc_driver.o
 .group         0x0000000000000000        0xc driver/Src/stm32f407xx_rcc_driver.o
 .group         0x0000000000000000        0xc driver/Src/stm32f407xx_rcc_driver.o
 .group         0x0000000000000000        0xc driver/Src/stm32f407xx_rcc_driver.o
 .text          0x0000000000000000        0x0 driver/Src/stm32f407xx_rcc_driver.o
 .data          0x0000000000000000        0x0 driver/Src/stm32f407xx_rcc_driver.o
 .bss           0x0000000000000000        0x0 driver/Src/stm32f407xx_rcc_driver.o
 .debug_macro   0x0000000000000000      0xa66 driver/Src/stm32f407xx_rcc_driver.o
 .debug_macro   0x0000000000000000       0x22 driver/Src/stm32f407xx_rcc_driver.o
 .debug_macro   0x0000000000000000       0x8e driver/Src/stm32f407xx_rcc_driver.o
 .debug_macro   0x0000000000000000       0x51 driver/Src/stm32f407xx_rcc_driver.o
 .debug_macro   0x0000000000000000       0xef driver/Src/stm32f407xx_rcc_driver.o
 .debug_macro   0x0000000000000000       0x6a driver/Src/stm32f407xx_rcc_driver.o
 .debug_macro   0x0000000000000000      0x1df driver/Src/stm32f407xx_rcc_driver.o
 .debug_macro   0x0000000000000000      0x666 driver/Src/stm32f407xx_rcc_driver.o
 .debug_macro   0x0000000000000000       0x94 driver/Src/stm32f407xx_rcc_driver.o
 .debug_macro   0x0000000000000000       0xee driver/Src/stm32f407xx_rcc_driver.o
 .debug_macro   0x0000000000000000       0xd6 driver/Src/stm32f407xx_rcc_driver.o
 .group         0x0000000000000000        0xc driver/Src/stm32f407xx_spidriver.o
 .group         0x0000000000000000        0xc driver/Src/stm32f407xx_spidriver.o
 .group         0x0000000000000000        0xc driver/Src/stm32f407xx_spidriver.o
 .group         0x0000000000000000        0xc driver/Src/stm32f407xx_spidriver.o
 .group         0x0000000000000000        0xc driver/Src/stm32f407xx_spidriver.o
 .group         0x0000000000000000        0xc driver/Src/stm32f407xx_spidriver.o
 .group         0x0000000000000000        0xc driver/Src/stm32f407xx_spidriver.o
 .group         0x0000000000000000        0xc driver/Src/stm32f407xx_spidriver.o
 .group         0x0000000000000000        0xc driver/Src/stm32f407xx_spidriver.o
 .group         0x0000000000000000        0xc driver/Src/stm32f407xx_spidriver.o
 .group         0x0000000000000000        0xc driver/Src/stm32f407xx_spidriver.o
 .text          0x0000000000000000        0x0 driver/Src/stm32f407xx_spidriver.o
 .data          0x0000000000000000        0x0 driver/Src/stm32f407xx_spidriver.o
 .bss           0x0000000000000000        0x0 driver/Src/stm32f407xx_spidriver.o
 .text.SPI_GetFlagStatus
                0x0000000000000000       0x26 driver/Src/stm32f407xx_spidriver.o
 .text.SPI_PeriClkControl
                0x0000000000000000       0xb0 driver/Src/stm32f407xx_spidriver.o
 .text.SPI_Init
                0x0000000000000000       0xb6 driver/Src/stm32f407xx_spidriver.o
 .text.SPI_SendData
                0x0000000000000000       0x6c driver/Src/stm32f407xx_spidriver.o
 .text.SPI_PeripheralControl
                0x0000000000000000       0x36 driver/Src/stm32f407xx_spidriver.o
 .text.SPI_SSOEConfig
                0x0000000000000000       0x36 driver/Src/stm32f407xx_spidriver.o
 .text.SPI_SSIConfig
                0x0000000000000000       0x36 driver/Src/stm32f407xx_spidriver.o
 .debug_info    0x0000000000000000      0x4d4 driver/Src/stm32f407xx_spidriver.o
 .debug_abbrev  0x0000000000000000      0x102 driver/Src/stm32f407xx_spidriver.o
 .debug_aranges
                0x0000000000000000       0x50 driver/Src/stm32f407xx_spidriver.o
 .debug_ranges  0x0000000000000000       0x40 driver/Src/stm32f407xx_spidriver.o
 .debug_macro   0x0000000000000000       0xaf driver/Src/stm32f407xx_spidriver.o
 .debug_macro   0x0000000000000000      0xa66 driver/Src/stm32f407xx_spidriver.o
 .debug_macro   0x0000000000000000       0x22 driver/Src/stm32f407xx_spidriver.o
 .debug_macro   0x0000000000000000       0x8e driver/Src/stm32f407xx_spidriver.o
 .debug_macro   0x0000000000000000       0x51 driver/Src/stm32f407xx_spidriver.o
 .debug_macro   0x0000000000000000       0xef driver/Src/stm32f407xx_spidriver.o
 .debug_macro   0x0000000000000000       0x6a driver/Src/stm32f407xx_spidriver.o
 .debug_macro   0x0000000000000000      0x1df driver/Src/stm32f407xx_spidriver.o
 .debug_macro   0x0000000000000000      0x666 driver/Src/stm32f407xx_spidriver.o
 .debug_macro   0x0000000000000000       0xe8 driver/Src/stm32f407xx_spidriver.o
 .debug_macro   0x0000000000000000       0xd6 driver/Src/stm32f407xx_spidriver.o
 .debug_macro   0x0000000000000000       0x94 driver/Src/stm32f407xx_spidriver.o
 .debug_line    0x0000000000000000      0x500 driver/Src/stm32f407xx_spidriver.o
 .debug_str     0x0000000000000000     0x65b8 driver/Src/stm32f407xx_spidriver.o
 .comment       0x0000000000000000       0x7c driver/Src/stm32f407xx_spidriver.o
 .debug_frame   0x0000000000000000      0x120 driver/Src/stm32f407xx_spidriver.o
 .ARM.attributes
                0x0000000000000000       0x33 driver/Src/stm32f407xx_spidriver.o
 .group         0x0000000000000000        0xc driver/Src/stm32f407xx_uartdriver.o
 .group         0x0000000000000000        0xc driver/Src/stm32f407xx_uartdriver.o
 .group         0x0000000000000000        0xc driver/Src/stm32f407xx_uartdriver.o
 .group         0x0000000000000000        0xc driver/Src/stm32f407xx_uartdriver.o
 .group         0x0000000000000000        0xc driver/Src/stm32f407xx_uartdriver.o
 .group         0x0000000000000000        0xc driver/Src/stm32f407xx_uartdriver.o
 .group         0x0000000000000000        0xc driver/Src/stm32f407xx_uartdriver.o
 .group         0x0000000000000000        0xc driver/Src/stm32f407xx_uartdriver.o
 .group         0x0000000000000000        0xc driver/Src/stm32f407xx_uartdriver.o
 .group         0x0000000000000000        0xc driver/Src/stm32f407xx_uartdriver.o
 .group         0x0000000000000000        0xc driver/Src/stm32f407xx_uartdriver.o
 .text          0x0000000000000000        0x0 driver/Src/stm32f407xx_uartdriver.o
 .data          0x0000000000000000        0x0 driver/Src/stm32f407xx_uartdriver.o
 .bss           0x0000000000000000        0x0 driver/Src/stm32f407xx_uartdriver.o
 .text.USART_ReceiveData
                0x0000000000000000       0xae driver/Src/stm32f407xx_uartdriver.o
 .text.USART_SendDataIT
                0x0000000000000000       0x5a driver/Src/stm32f407xx_uartdriver.o
 .text.USART_ReceiveDataIT
                0x0000000000000000       0x50 driver/Src/stm32f407xx_uartdriver.o
 .debug_macro   0x0000000000000000      0xa66 driver/Src/stm32f407xx_uartdriver.o
 .debug_macro   0x0000000000000000       0x22 driver/Src/stm32f407xx_uartdriver.o
 .debug_macro   0x0000000000000000       0x8e driver/Src/stm32f407xx_uartdriver.o
 .debug_macro   0x0000000000000000       0x51 driver/Src/stm32f407xx_uartdriver.o
 .debug_macro   0x0000000000000000       0xef driver/Src/stm32f407xx_uartdriver.o
 .debug_macro   0x0000000000000000       0x6a driver/Src/stm32f407xx_uartdriver.o
 .debug_macro   0x0000000000000000      0x1df driver/Src/stm32f407xx_uartdriver.o
 .debug_macro   0x0000000000000000      0x666 driver/Src/stm32f407xx_uartdriver.o
 .debug_macro   0x0000000000000000       0x94 driver/Src/stm32f407xx_uartdriver.o
 .debug_macro   0x0000000000000000       0xee driver/Src/stm32f407xx_uartdriver.o
 .text          0x0000000000000000        0x0 c:/st/stm32cubeide_1.0.2/stm32cubeide/plugins/com.st.stm32cube.ide.mcu.externaltools.gnu-tools-for-stm32.7-2018-q2-update.win32_1.0.0.201904181610/tools/bin/../lib/gcc/arm-none-eabi/7.3.1/../../../../arm-none-eabi/lib/thumb/v7e-m\libc_nano.a(lib_a-errno.o)
 .data          0x0000000000000000        0x0 c:/st/stm32cubeide_1.0.2/stm32cubeide/plugins/com.st.stm32cube.ide.mcu.externaltools.gnu-tools-for-stm32.7-2018-q2-update.win32_1.0.0.201904181610/tools/bin/../lib/gcc/arm-none-eabi/7.3.1/../../../../arm-none-eabi/lib/thumb/v7e-m\libc_nano.a(lib_a-errno.o)
 .bss           0x0000000000000000        0x0 c:/st/stm32cubeide_1.0.2/stm32cubeide/plugins/com.st.stm32cube.ide.mcu.externaltools.gnu-tools-for-stm32.7-2018-q2-update.win32_1.0.0.201904181610/tools/bin/../lib/gcc/arm-none-eabi/7.3.1/../../../../arm-none-eabi/lib/thumb/v7e-m\libc_nano.a(lib_a-errno.o)
 .text.__errno  0x0000000000000000        0xc c:/st/stm32cubeide_1.0.2/stm32cubeide/plugins/com.st.stm32cube.ide.mcu.externaltools.gnu-tools-for-stm32.7-2018-q2-update.win32_1.0.0.201904181610/tools/bin/../lib/gcc/arm-none-eabi/7.3.1/../../../../arm-none-eabi/lib/thumb/v7e-m\libc_nano.a(lib_a-errno.o)
 .debug_frame   0x0000000000000000       0x20 c:/st/stm32cubeide_1.0.2/stm32cubeide/plugins/com.st.stm32cube.ide.mcu.externaltools.gnu-tools-for-stm32.7-2018-q2-update.win32_1.0.0.201904181610/tools/bin/../lib/gcc/arm-none-eabi/7.3.1/../../../../arm-none-eabi/lib/thumb/v7e-m\libc_nano.a(lib_a-errno.o)
 .ARM.attributes
                0x0000000000000000       0x2e c:/st/stm32cubeide_1.0.2/stm32cubeide/plugins/com.st.stm32cube.ide.mcu.externaltools.gnu-tools-for-stm32.7-2018-q2-update.win32_1.0.0.201904181610/tools/bin/../lib/gcc/arm-none-eabi/7.3.1/../../../../arm-none-eabi/lib/thumb/v7e-m\libc_nano.a(lib_a-errno.o)
 .text          0x0000000000000000        0x0 c:/st/stm32cubeide_1.0.2/stm32cubeide/plugins/com.st.stm32cube.ide.mcu.externaltools.gnu-tools-for-stm32.7-2018-q2-update.win32_1.0.0.201904181610/tools/bin/../lib/gcc/arm-none-eabi/7.3.1/../../../../arm-none-eabi/lib/thumb/v7e-m\libc_nano.a(lib_a-exit.o)
 .data          0x0000000000000000        0x0 c:/st/stm32cubeide_1.0.2/stm32cubeide/plugins/com.st.stm32cube.ide.mcu.externaltools.gnu-tools-for-stm32.7-2018-q2-update.win32_1.0.0.201904181610/tools/bin/../lib/gcc/arm-none-eabi/7.3.1/../../../../arm-none-eabi/lib/thumb/v7e-m\libc_nano.a(lib_a-exit.o)
 .bss           0x0000000000000000        0x0 c:/st/stm32cubeide_1.0.2/stm32cubeide/plugins/com.st.stm32cube.ide.mcu.externaltools.gnu-tools-for-stm32.7-2018-q2-update.win32_1.0.0.201904181610/tools/bin/../lib/gcc/arm-none-eabi/7.3.1/../../../../arm-none-eabi/lib/thumb/v7e-m\libc_nano.a(lib_a-exit.o)
 .text.exit     0x0000000000000000       0x28 c:/st/stm32cubeide_1.0.2/stm32cubeide/plugins/com.st.stm32cube.ide.mcu.externaltools.gnu-tools-for-stm32.7-2018-q2-update.win32_1.0.0.201904181610/tools/bin/../lib/gcc/arm-none-eabi/7.3.1/../../../../arm-none-eabi/lib/thumb/v7e-m\libc_nano.a(lib_a-exit.o)
 .debug_frame   0x0000000000000000       0x28 c:/st/stm32cubeide_1.0.2/stm32cubeide/plugins/com.st.stm32cube.ide.mcu.externaltools.gnu-tools-for-stm32.7-2018-q2-update.win32_1.0.0.201904181610/tools/bin/../lib/gcc/arm-none-eabi/7.3.1/../../../../arm-none-eabi/lib/thumb/v7e-m\libc_nano.a(lib_a-exit.o)
 .ARM.attributes
                0x0000000000000000       0x2e c:/st/stm32cubeide_1.0.2/stm32cubeide/plugins/com.st.stm32cube.ide.mcu.externaltools.gnu-tools-for-stm32.7-2018-q2-update.win32_1.0.0.201904181610/tools/bin/../lib/gcc/arm-none-eabi/7.3.1/../../../../arm-none-eabi/lib/thumb/v7e-m\libc_nano.a(lib_a-exit.o)
 .text          0x0000000000000000        0x0 c:/st/stm32cubeide_1.0.2/stm32cubeide/plugins/com.st.stm32cube.ide.mcu.externaltools.gnu-tools-for-stm32.7-2018-q2-update.win32_1.0.0.201904181610/tools/bin/../lib/gcc/arm-none-eabi/7.3.1/../../../../arm-none-eabi/lib/thumb/v7e-m\libc_nano.a(lib_a-impure.o)
 .data          0x0000000000000000        0x0 c:/st/stm32cubeide_1.0.2/stm32cubeide/plugins/com.st.stm32cube.ide.mcu.externaltools.gnu-tools-for-stm32.7-2018-q2-update.win32_1.0.0.201904181610/tools/bin/../lib/gcc/arm-none-eabi/7.3.1/../../../../arm-none-eabi/lib/thumb/v7e-m\libc_nano.a(lib_a-impure.o)
 .bss           0x0000000000000000        0x0 c:/st/stm32cubeide_1.0.2/stm32cubeide/plugins/com.st.stm32cube.ide.mcu.externaltools.gnu-tools-for-stm32.7-2018-q2-update.win32_1.0.0.201904181610/tools/bin/../lib/gcc/arm-none-eabi/7.3.1/../../../../arm-none-eabi/lib/thumb/v7e-m\libc_nano.a(lib_a-impure.o)
 .data._impure_ptr
                0x0000000000000000        0x4 c:/st/stm32cubeide_1.0.2/stm32cubeide/plugins/com.st.stm32cube.ide.mcu.externaltools.gnu-tools-for-stm32.7-2018-q2-update.win32_1.0.0.201904181610/tools/bin/../lib/gcc/arm-none-eabi/7.3.1/../../../../arm-none-eabi/lib/thumb/v7e-m\libc_nano.a(lib_a-impure.o)
 .data.impure_data
                0x0000000000000000       0x60 c:/st/stm32cubeide_1.0.2/stm32cubeide/plugins/com.st.stm32cube.ide.mcu.externaltools.gnu-tools-for-stm32.7-2018-q2-update.win32_1.0.0.201904181610/tools/bin/../lib/gcc/arm-none-eabi/7.3.1/../../../../arm-none-eabi/lib/thumb/v7e-m\libc_nano.a(lib_a-impure.o)
 .rodata._global_impure_ptr
                0x0000000000000000        0x4 c:/st/stm32cubeide_1.0.2/stm32cubeide/plugins/com.st.stm32cube.ide.mcu.externaltools.gnu-tools-for-stm32.7-2018-q2-update.win32_1.0.0.201904181610/tools/bin/../lib/gcc/arm-none-eabi/7.3.1/../../../../arm-none-eabi/lib/thumb/v7e-m\libc_nano.a(lib_a-impure.o)
 .ARM.attributes
                0x0000000000000000       0x2e c:/st/stm32cubeide_1.0.2/stm32cubeide/plugins/com.st.stm32cube.ide.mcu.externaltools.gnu-tools-for-stm32.7-2018-q2-update.win32_1.0.0.201904181610/tools/bin/../lib/gcc/arm-none-eabi/7.3.1/../../../../arm-none-eabi/lib/thumb/v7e-m\libc_nano.a(lib_a-impure.o)
 .text          0x0000000000000000        0x0 c:/st/stm32cubeide_1.0.2/stm32cubeide/plugins/com.st.stm32cube.ide.mcu.externaltools.gnu-tools-for-stm32.7-2018-q2-update.win32_1.0.0.201904181610/tools/bin/../lib/gcc/arm-none-eabi/7.3.1/../../../../arm-none-eabi/lib/thumb/v7e-m\libc_nano.a(lib_a-init.o)
 .data          0x0000000000000000        0x0 c:/st/stm32cubeide_1.0.2/stm32cubeide/plugins/com.st.stm32cube.ide.mcu.externaltools.gnu-tools-for-stm32.7-2018-q2-update.win32_1.0.0.201904181610/tools/bin/../lib/gcc/arm-none-eabi/7.3.1/../../../../arm-none-eabi/lib/thumb/v7e-m\libc_nano.a(lib_a-init.o)
 .bss           0x0000000000000000        0x0 c:/st/stm32cubeide_1.0.2/stm32cubeide/plugins/com.st.stm32cube.ide.mcu.externaltools.gnu-tools-for-stm32.7-2018-q2-update.win32_1.0.0.201904181610/tools/bin/../lib/gcc/arm-none-eabi/7.3.1/../../../../arm-none-eabi/lib/thumb/v7e-m\libc_nano.a(lib_a-init.o)
 .text          0x0000000000000000        0x0 c:/st/stm32cubeide_1.0.2/stm32cubeide/plugins/com.st.stm32cube.ide.mcu.externaltools.gnu-tools-for-stm32.7-2018-q2-update.win32_1.0.0.201904181610/tools/bin/../lib/gcc/arm-none-eabi/7.3.1/../../../../arm-none-eabi/lib/thumb/v7e-m\libc_nano.a(lib_a-memset.o)
 .data          0x0000000000000000        0x0 c:/st/stm32cubeide_1.0.2/stm32cubeide/plugins/com.st.stm32cube.ide.mcu.externaltools.gnu-tools-for-stm32.7-2018-q2-update.win32_1.0.0.201904181610/tools/bin/../lib/gcc/arm-none-eabi/7.3.1/../../../../arm-none-eabi/lib/thumb/v7e-m\libc_nano.a(lib_a-memset.o)
 .bss           0x0000000000000000        0x0 c:/st/stm32cubeide_1.0.2/stm32cubeide/plugins/com.st.stm32cube.ide.mcu.externaltools.gnu-tools-for-stm32.7-2018-q2-update.win32_1.0.0.201904181610/tools/bin/../lib/gcc/arm-none-eabi/7.3.1/../../../../arm-none-eabi/lib/thumb/v7e-m\libc_nano.a(lib_a-memset.o)
 .text.memset   0x0000000000000000       0x10 c:/st/stm32cubeide_1.0.2/stm32cubeide/plugins/com.st.stm32cube.ide.mcu.externaltools.gnu-tools-for-stm32.7-2018-q2-update.win32_1.0.0.201904181610/tools/bin/../lib/gcc/arm-none-eabi/7.3.1/../../../../arm-none-eabi/lib/thumb/v7e-m\libc_nano.a(lib_a-memset.o)
 .debug_frame   0x0000000000000000       0x20 c:/st/stm32cubeide_1.0.2/stm32cubeide/plugins/com.st.stm32cube.ide.mcu.externaltools.gnu-tools-for-stm32.7-2018-q2-update.win32_1.0.0.201904181610/tools/bin/../lib/gcc/arm-none-eabi/7.3.1/../../../../arm-none-eabi/lib/thumb/v7e-m\libc_nano.a(lib_a-memset.o)
 .ARM.attributes
                0x0000000000000000       0x2e c:/st/stm32cubeide_1.0.2/stm32cubeide/plugins/com.st.stm32cube.ide.mcu.externaltools.gnu-tools-for-stm32.7-2018-q2-update.win32_1.0.0.201904181610/tools/bin/../lib/gcc/arm-none-eabi/7.3.1/../../../../arm-none-eabi/lib/thumb/v7e-m\libc_nano.a(lib_a-memset.o)
 .data          0x0000000000000000        0x0 c:/st/stm32cubeide_1.0.2/stm32cubeide/plugins/com.st.stm32cube.ide.mcu.externaltools.gnu-tools-for-stm32.7-2018-q2-update.win32_1.0.0.201904181610/tools/bin/../lib/gcc/arm-none-eabi/7.3.1/../../../../arm-none-eabi/lib/thumb/v7e-m\libc_nano.a(lib_a-strlen.o)
 .bss           0x0000000000000000        0x0 c:/st/stm32cubeide_1.0.2/stm32cubeide/plugins/com.st.stm32cube.ide.mcu.externaltools.gnu-tools-for-stm32.7-2018-q2-update.win32_1.0.0.201904181610/tools/bin/../lib/gcc/arm-none-eabi/7.3.1/../../../../arm-none-eabi/lib/thumb/v7e-m\libc_nano.a(lib_a-strlen.o)
 .text          0x0000000000000000        0x0 c:/st/stm32cubeide_1.0.2/stm32cubeide/plugins/com.st.stm32cube.ide.mcu.externaltools.gnu-tools-for-stm32.7-2018-q2-update.win32_1.0.0.201904181610/tools/bin/../lib/gcc/arm-none-eabi/7.3.1/thumb/v7e-m/crtend.o
 .data          0x0000000000000000        0x0 c:/st/stm32cubeide_1.0.2/stm32cubeide/plugins/com.st.stm32cube.ide.mcu.externaltools.gnu-tools-for-stm32.7-2018-q2-update.win32_1.0.0.201904181610/tools/bin/../lib/gcc/arm-none-eabi/7.3.1/thumb/v7e-m/crtend.o
 .bss           0x0000000000000000        0x0 c:/st/stm32cubeide_1.0.2/stm32cubeide/plugins/com.st.stm32cube.ide.mcu.externaltools.gnu-tools-for-stm32.7-2018-q2-update.win32_1.0.0.201904181610/tools/bin/../lib/gcc/arm-none-eabi/7.3.1/thumb/v7e-m/crtend.o
 .eh_frame      0x0000000000000000        0x4 c:/st/stm32cubeide_1.0.2/stm32cubeide/plugins/com.st.stm32cube.ide.mcu.externaltools.gnu-tools-for-stm32.7-2018-q2-update.win32_1.0.0.201904181610/tools/bin/../lib/gcc/arm-none-eabi/7.3.1/thumb/v7e-m/crtend.o
 .ARM.attributes
                0x0000000000000000       0x2e c:/st/stm32cubeide_1.0.2/stm32cubeide/plugins/com.st.stm32cube.ide.mcu.externaltools.gnu-tools-for-stm32.7-2018-q2-update.win32_1.0.0.201904181610/tools/bin/../lib/gcc/arm-none-eabi/7.3.1/thumb/v7e-m/crtend.o
 .text          0x0000000000000000        0x0 c:/st/stm32cubeide_1.0.2/stm32cubeide/plugins/com.st.stm32cube.ide.mcu.externaltools.gnu-tools-for-stm32.7-2018-q2-update.win32_1.0.0.201904181610/tools/bin/../lib/gcc/arm-none-eabi/7.3.1/thumb/v7e-m/crtn.o
 .data          0x0000000000000000        0x0 c:/st/stm32cubeide_1.0.2/stm32cubeide/plugins/com.st.stm32cube.ide.mcu.externaltools.gnu-tools-for-stm32.7-2018-q2-update.win32_1.0.0.201904181610/tools/bin/../lib/gcc/arm-none-eabi/7.3.1/thumb/v7e-m/crtn.o
 .bss           0x0000000000000000        0x0 c:/st/stm32cubeide_1.0.2/stm32cubeide/plugins/com.st.stm32cube.ide.mcu.externaltools.gnu-tools-for-stm32.7-2018-q2-update.win32_1.0.0.201904181610/tools/bin/../lib/gcc/arm-none-eabi/7.3.1/thumb/v7e-m/crtn.o

Memory Configuration

Name             Origin             Length             Attributes
RAM              0x0000000020000000 0x0000000000020000 xrw
ROM              0x0000000008000000 0x0000000000100000 xr
*default*        0x0000000000000000 0xffffffffffffffff

Linker script and memory map

LOAD c:/st/stm32cubeide_1.0.2/stm32cubeide/plugins/com.st.stm32cube.ide.mcu.externaltools.gnu-tools-for-stm32.7-2018-q2-update.win32_1.0.0.201904181610/tools/bin/../lib/gcc/arm-none-eabi/7.3.1/thumb/v7e-m/crti.o
LOAD c:/st/stm32cubeide_1.0.2/stm32cubeide/plugins/com.st.stm32cube.ide.mcu.externaltools.gnu-tools-for-stm32.7-2018-q2-update.win32_1.0.0.201904181610/tools/bin/../lib/gcc/arm-none-eabi/7.3.1/thumb/v7e-m/crtbegin.o
LOAD c:/st/stm32cubeide_1.0.2/stm32cubeide/plugins/com.st.stm32cube.ide.mcu.externaltools.gnu-tools-for-stm32.7-2018-q2-update.win32_1.0.0.201904181610/tools/bin/../lib/gcc/arm-none-eabi/7.3.1/../../../../arm-none-eabi/lib/thumb/v7e-m/crt0.o
LOAD Src/syscalls.o
LOAD Src/sysmem.o
LOAD Src/uart_tx.o
LOAD Startup/startup_stm32f407vgtx.o
LOAD driver/Src/stm32f407xx_gpiodriver.o
LOAD driver/Src/stm32f407xx_rcc_driver.o
LOAD driver/Src/stm32f407xx_spidriver.o
LOAD driver/Src/stm32f407xx_uartdriver.o
START GROUP
LOAD c:/st/stm32cubeide_1.0.2/stm32cubeide/plugins/com.st.stm32cube.ide.mcu.externaltools.gnu-tools-for-stm32.7-2018-q2-update.win32_1.0.0.201904181610/tools/bin/../lib/gcc/arm-none-eabi/7.3.1/../../../../arm-none-eabi/lib/thumb/v7e-m\libc_nano.a
LOAD c:/st/stm32cubeide_1.0.2/stm32cubeide/plugins/com.st.stm32cube.ide.mcu.externaltools.gnu-tools-for-stm32.7-2018-q2-update.win32_1.0.0.201904181610/tools/bin/../lib/gcc/arm-none-eabi/7.3.1/../../../../arm-none-eabi/lib/thumb/v7e-m\libm.a
END GROUP
START GROUP
LOAD c:/st/stm32cubeide_1.0.2/stm32cubeide/plugins/com.st.stm32cube.ide.mcu.externaltools.gnu-tools-for-stm32.7-2018-q2-update.win32_1.0.0.201904181610/tools/bin/../lib/gcc/arm-none-eabi/7.3.1/thumb/v7e-m\libgcc.a
LOAD c:/st/stm32cubeide_1.0.2/stm32cubeide/plugins/com.st.stm32cube.ide.mcu.externaltools.gnu-tools-for-stm32.7-2018-q2-update.win32_1.0.0.201904181610/tools/bin/../lib/gcc/arm-none-eabi/7.3.1/../../../../arm-none-eabi/lib/thumb/v7e-m\libc_nano.a
END GROUP
START GROUP
LOAD c:/st/stm32cubeide_1.0.2/stm32cubeide/plugins/com.st.stm32cube.ide.mcu.externaltools.gnu-tools-for-stm32.7-2018-q2-update.win32_1.0.0.201904181610/tools/bin/../lib/gcc/arm-none-eabi/7.3.1/thumb/v7e-m\libgcc.a
LOAD c:/st/stm32cubeide_1.0.2/stm32cubeide/plugins/com.st.stm32cube.ide.mcu.externaltools.gnu-tools-for-stm32.7-2018-q2-update.win32_1.0.0.201904181610/tools/bin/../lib/gcc/arm-none-eabi/7.3.1/../../../../arm-none-eabi/lib/thumb/v7e-m\libc_nano.a
LOAD c:/st/stm32cubeide_1.0.2/stm32cubeide/plugins/com.st.stm32cube.ide.mcu.externaltools.gnu-tools-for-stm32.7-2018-q2-update.win32_1.0.0.201904181610/tools/bin/../lib/gcc/arm-none-eabi/7.3.1/../../../../arm-none-eabi/lib/thumb/v7e-m\libnosys.a
END GROUP
START GROUP
LOAD c:/st/stm32cubeide_1.0.2/stm32cubeide/plugins/com.st.stm32cube.ide.mcu.externaltools.gnu-tools-for-stm32.7-2018-q2-update.win32_1.0.0.201904181610/tools/bin/../lib/gcc/arm-none-eabi/7.3.1/thumb/v7e-m\libgcc.a
LOAD c:/st/stm32cubeide_1.0.2/stm32cubeide/plugins/com.st.stm32cube.ide.mcu.externaltools.gnu-tools-for-stm32.7-2018-q2-update.win32_1.0.0.201904181610/tools/bin/../lib/gcc/arm-none-eabi/7.3.1/../../../../arm-none-eabi/lib/thumb/v7e-m\libc_nano.a
LOAD c:/st/stm32cubeide_1.0.2/stm32cubeide/plugins/com.st.stm32cube.ide.mcu.externaltools.gnu-tools-for-stm32.7-2018-q2-update.win32_1.0.0.201904181610/tools/bin/../lib/gcc/arm-none-eabi/7.3.1/../../../../arm-none-eabi/lib/thumb/v7e-m\libnosys.a
END GROUP
LOAD c:/st/stm32cubeide_1.0.2/stm32cubeide/plugins/com.st.stm32cube.ide.mcu.externaltools.gnu-tools-for-stm32.7-2018-q2-update.win32_1.0.0.201904181610/tools/bin/../lib/gcc/arm-none-eabi/7.3.1/thumb/v7e-m/crtend.o
LOAD c:/st/stm32cubeide_1.0.2/stm32cubeide/plugins/com.st.stm32cube.ide.mcu.externaltools.gnu-tools-for-stm32.7-2018-q2-update.win32_1.0.0.201904181610/tools/bin/../lib/gcc/arm-none-eabi/7.3.1/thumb/v7e-m/crtn.o
                0x0000000020020000                _estack = (ORIGIN (RAM) + LENGTH (RAM))
                0x0000000000000200                _Min_Heap_Size = 0x200
                0x0000000000000400                _Min_Stack_Size = 0x400

.isr_vector     0x0000000008000000      0x1a8
                0x0000000008000000                . = ALIGN (0x4)
 *(.isr_vector)
 .isr_vector    0x0000000008000000      0x1a8 Startup/startup_stm32f407vgtx.o
                0x0000000008000000                g_pfnVectors
                0x00000000080001a8                . = ALIGN (0x4)

.text           0x00000000080001a8      0xcd8
                0x00000000080001a8                . = ALIGN (0x4)
 *(.text)
 .text          0x00000000080001a8       0x40 c:/st/stm32cubeide_1.0.2/stm32cubeide/plugins/com.st.stm32cube.ide.mcu.externaltools.gnu-tools-for-stm32.7-2018-q2-update.win32_1.0.0.201904181610/tools/bin/../lib/gcc/arm-none-eabi/7.3.1/thumb/v7e-m/crtbegin.o
 .text          0x00000000080001e8       0x10 c:/st/stm32cubeide_1.0.2/stm32cubeide/plugins/com.st.stm32cube.ide.mcu.externaltools.gnu-tools-for-stm32.7-2018-q2-update.win32_1.0.0.201904181610/tools/bin/../lib/gcc/arm-none-eabi/7.3.1/../../../../arm-none-eabi/lib/thumb/v7e-m\libc_nano.a(lib_a-strlen.o)
                0x00000000080001e8                strlen
 *(.text*)
 .text.USART2_Init
                0x00000000080001f8       0x44 Src/uart_tx.o
                0x00000000080001f8                USART2_Init
 .text.USART2_GPIOInit
                0x000000000800023c       0x44 Src/uart_tx.o
                0x000000000800023c                USART2_GPIOInit
 .text.GPIO_ButtonInit
                0x0000000008000280       0x5c Src/uart_tx.o
                0x0000000008000280                GPIO_ButtonInit
 .text.delay    0x00000000080002dc       0x28 Src/uart_tx.o
                0x00000000080002dc                delay
 .text.main     0x0000000008000304       0x50 Src/uart_tx.o
                0x0000000008000304                main
 .text.Reset_Handler
                0x0000000008000354       0x50 Startup/startup_stm32f407vgtx.o
                0x0000000008000354                Reset_Handler
 .text.Default_Handler
                0x00000000080003a4        0x2 Startup/startup_stm32f407vgtx.o
                0x00000000080003a4                RTC_Alarm_IRQHandler
                0x00000000080003a4                HASH_RNG_IRQHandler
                0x00000000080003a4                EXTI2_IRQHandler
                0x00000000080003a4                TIM8_CC_IRQHandler
                0x00000000080003a4                DebugMon_Handler
                0x00000000080003a4                TIM1_CC_IRQHandler
                0x00000000080003a4                DMA2_Stream5_IRQHandler
                0x00000000080003a4                HardFault_Handler
                0x00000000080003a4                DMA1_Stream5_IRQHandler
                0x00000000080003a4                SysTick_Handler
                0x00000000080003a4                PVD_IRQHandler
                0x00000000080003a4                SDIO_IRQHandler
                0x00000000080003a4                TAMP_STAMP_IRQHandler
                0x00000000080003a4                PendSV_Handler
                0x00000000080003a4                NMI_Handler
                0x00000000080003a4                CAN2_RX1_IRQHandler
                0x00000000080003a4                EXTI3_IRQHandler
                0x00000000080003a4                TIM8_TRG_COM_TIM14_IRQHandler
                0x00000000080003a4                TIM1_UP_TIM10_IRQHandler
                0x00000000080003a4                TIM8_UP_TIM13_IRQHandler
                0x00000000080003a4                I2C3_ER_IRQHandler
                0x00000000080003a4                LCD_TFT_IRQHandler
                0x00000000080003a4                EXTI0_IRQHandler
                0x00000000080003a4                I2C2_EV_IRQHandler
                0x00000000080003a4                DMA1_Stream2_IRQHandler
                0x00000000080003a4                CAN1_RX0_IRQHandler
                0x00000000080003a4                FPU_IRQHandler
                0x00000000080003a4                OTG_HS_WKUP_IRQHandler
                0x00000000080003a4                UsageFault_Handler
                0x00000000080003a4                CAN2_SCE_IRQHandler
                0x00000000080003a4                DMA2_Stream2_IRQHandler
                0x00000000080003a4                SPI1_IRQHandler
                0x00000000080003a4                TIM6_DAC_IRQHandler
                0x00000000080003a4                TIM1_BRK_TIM9_IRQHandler
                0x00000000080003a4                DCMI_IRQHandler
                0x00000000080003a4                CAN2_RX0_IRQHandler
                0x00000000080003a4                DMA2_Stream3_IRQHandler
                0x00000000080003a4                USART6_IRQHandler
                0x00000000080003a4                USART3_IRQHandler
                0x00000000080003a4                CRYP_IRQHandler
                0x00000000080003a4                CAN1_RX1_IRQHandler
                0x00000000080003a4                UART5_IRQHandler
                0x00000000080003a4                DMA2_Stream0_IRQHandler
                0x00000000080003a4                TIM4_IRQHandler
                0x00000000080003a4                I2C1_EV_IRQHandler
                0x00000000080003a4                DMA1_Stream6_IRQHandler
                0x00000000080003a4                DMA1_Stream1_IRQHandler
                0x00000000080003a4                UART4_IRQHandler
                0x00000000080003a4                LCD_TFT_1_IRQHandler
                0x00000000080003a4                TIM3_IRQHandler
                0x00000000080003a4                RCC_IRQHandler
                0x00000000080003a4                TIM8_BRK_TIM12_IRQHandler
                0x00000000080003a4                Default_Handler
                0x00000000080003a4                EXTI15_10_IRQHandler
                0x00000000080003a4                ADC_IRQHandler
                0x00000000080003a4                DMA1_Stream7_IRQHandler
                0x00000000080003a4                TIM7_IRQHandler
                0x00000000080003a4                CAN2_TX_IRQHandler
                0x00000000080003a4                TIM5_IRQHandler
                0x00000000080003a4                DMA2_Stream7_IRQHandler
                0x00000000080003a4                I2C3_EV_IRQHandler
                0x00000000080003a4                EXTI9_5_IRQHandler
                0x00000000080003a4                RTC_WKUP_IRQHandler
                0x00000000080003a4                ETH_WKUP_IRQHandler
                0x00000000080003a4                SPI2_IRQHandler
                0x00000000080003a4                OTG_HS_EP1_IN_IRQHandler
                0x00000000080003a4                MemManage_Handler
                0x00000000080003a4                DMA1_Stream0_IRQHandler
                0x00000000080003a4                CAN1_TX_IRQHandler
                0x00000000080003a4                SVC_Handler
                0x00000000080003a4                EXTI4_IRQHandler
                0x00000000080003a4                FSMC_IRQHandler
                0x00000000080003a4                ETH_IRQHandler
                0x00000000080003a4                OTG_HS_EP1_OUT_IRQHandler
                0x00000000080003a4                WWDG_IRQHandler
                0x00000000080003a4                TIM2_IRQHandler
                0x00000000080003a4                OTG_FS_WKUP_IRQHandler
                0x00000000080003a4                TIM1_TRG_COM_TIM11_IRQHandler
                0x00000000080003a4                OTG_HS_IRQHandler
                0x00000000080003a4                EXTI1_IRQHandler
                0x00000000080003a4                USART2_IRQHandler
                0x00000000080003a4                I2C2_ER_IRQHandler
                0x00000000080003a4                DMA2_Stream1_IRQHandler
                0x00000000080003a4                CAN1_SCE_IRQHandler
                0x00000000080003a4                DMA2_Stream4_IRQHandler
                0x00000000080003a4                BusFault_Handler
                0x00000000080003a4                USART1_IRQHandler
                0x00000000080003a4                OTG_FS_IRQHandler
                0x00000000080003a4                SPI3_IRQHandler
                0x00000000080003a4                DMA1_Stream4_IRQHandler
                0x00000000080003a4                I2C1_ER_IRQHandler
                0x00000000080003a4                DMA2_Stream6_IRQHandler
                0x00000000080003a4                DMA1_Stream3_IRQHandler
 *fill*         0x00000000080003a6        0x2 
 .text.GPIO_PeriClockControl
                0x00000000080003a8      0x1d0 driver/Src/stm32f407xx_gpiodriver.o
                0x00000000080003a8                GPIO_PeriClockControl
 .text.GPIO_Init
                0x0000000008000578      0x304 driver/Src/stm32f407xx_gpiodriver.o
                0x0000000008000578                GPIO_Init
 .text.GPIO_ReadInputPin
                0x000000000800087c       0x2a driver/Src/stm32f407xx_gpiodriver.o
                0x000000000800087c                GPIO_ReadInputPin
 *fill*         0x00000000080008a6        0x2 
 .text.RCC_GetPCLK1Value
                0x00000000080008a8       0xb0 driver/Src/stm32f407xx_rcc_driver.o
                0x00000000080008a8                RCC_GetPCLK1Value
 .text.RCC_GetPCLK2Value
                0x0000000008000958       0xa0 driver/Src/stm32f407xx_rcc_driver.o
                0x0000000008000958                RCC_GetPCLK2Value
 .text.RCC_GetPLLOutputClock
                0x00000000080009f8        0xe driver/Src/stm32f407xx_rcc_driver.o
                0x00000000080009f8                RCC_GetPLLOutputClock
 .text.USART_PeripheralControl
                0x0000000008000a06       0x36 driver/Src/stm32f407xx_uartdriver.o
                0x0000000008000a06                USART_PeripheralControl
 .text.USART_PeriClockControl
                0x0000000008000a3c      0x140 driver/Src/stm32f407xx_uartdriver.o
                0x0000000008000a3c                USART_PeriClockControl
 .text.USART_GetFlagStatus
                0x0000000008000b7c       0x26 driver/Src/stm32f407xx_uartdriver.o
                0x0000000008000b7c                USART_GetFlagStatus
 *fill*         0x0000000008000ba2        0x2 
 .text.USART_SetBaudRate
                0x0000000008000ba4       0xe4 driver/Src/stm32f407xx_uartdriver.o
                0x0000000008000ba4                USART_SetBaudRate
 .text.USART_Init
                0x0000000008000c88       0xfe driver/Src/stm32f407xx_uartdriver.o
                0x0000000008000c88                USART_Init
 .text.USART_SendData
                0x0000000008000d86       0x9a driver/Src/stm32f407xx_uartdriver.o
                0x0000000008000d86                USART_SendData
 .text.__libc_init_array
                0x0000000008000e20       0x48 c:/st/stm32cubeide_1.0.2/stm32cubeide/plugins/com.st.stm32cube.ide.mcu.externaltools.gnu-tools-for-stm32.7-2018-q2-update.win32_1.0.0.201904181610/tools/bin/../lib/gcc/arm-none-eabi/7.3.1/../../../../arm-none-eabi/lib/thumb/v7e-m\libc_nano.a(lib_a-init.o)
                0x0000000008000e20                __libc_init_array
 *(.glue_7)
 .glue_7        0x0000000008000e68        0x0 linker stubs
 *(.glue_7t)
 .glue_7t       0x0000000008000e68        0x0 linker stubs
 *(.eh_frame)
 .eh_frame      0x0000000008000e68        0x0 c:/st/stm32cubeide_1.0.2/stm32cubeide/plugins/com.st.stm32cube.ide.mcu.externaltools.gnu-tools-for-stm32.7-2018-q2-update.win32_1.0.0.201904181610/tools/bin/../lib/gcc/arm-none-eabi/7.3.1/thumb/v7e-m/crtbegin.o
 *(.init)
 .init          0x0000000008000e68        0x4 c:/st/stm32cubeide_1.0.2/stm32cubeide/plugins/com.st.stm32cube.ide.mcu.externaltools.gnu-tools-for-stm32.7-2018-q2-update.win32_1.0.0.201904181610/tools/bin/../lib/gcc/arm-none-eabi/7.3.1/thumb/v7e-m/crti.o
                0x0000000008000e68                _init
 .init          0x0000000008000e6c        0x8 c:/st/stm32cubeide_1.0.2/stm32cubeide/plugins/com.st.stm32cube.ide.mcu.externaltools.gnu-tools-for-stm32.7-2018-q2-update.win32_1.0.0.201904181610/tools/bin/../lib/gcc/arm-none-eabi/7.3.1/thumb/v7e-m/crtn.o
 *(.fini)
 .fini          0x0000000008000e74        0x4 c:/st/stm32cubeide_1.0.2/stm32cubeide/plugins/com.st.stm32cube.ide.mcu.externaltools.gnu-tools-for-stm32.7-2018-q2-update.win32_1.0.0.201904181610/tools/bin/../lib/gcc/arm-none-eabi/7.3.1/thumb/v7e-m/crti.o
                0x0000000008000e74                _fini
 .fini          0x0000000008000e78        0x8 c:/st/stm32cubeide_1.0.2/stm32cubeide/plugins/com.st.stm32cube.ide.mcu.externaltools.gnu-tools-for-stm32.7-2018-q2-update.win32_1.0.0.201904181610/tools/bin/../lib/gcc/arm-none-eabi/7.3.1/thumb/v7e-m/crtn.o
                0x0000000008000e80                . = ALIGN (0x4)
                0x0000000008000e80                _etext = .

.vfp11_veneer   0x0000000008000e80        0x0
 .vfp11_veneer  0x0000000008000e80        0x0 linker stubs

.v4_bx          0x0000000008000e80        0x0
 .v4_bx         0x0000000008000e80        0x0 linker stubs

.iplt           0x0000000008000e80        0x0
 .iplt          0x0000000008000e80        0x0 c:/st/stm32cubeide_1.0.2/stm32cubeide/plugins/com.st.stm32cube.ide.mcu.externaltools.gnu-tools-for-stm32.7-2018-q2-update.win32_1.0.0.201904181610/tools/bin/../lib/gcc/arm-none-eabi/7.3.1/thumb/v7e-m/crtbegin.o

.rel.dyn        0x0000000008000e80        0x0
 .rel.iplt      0x0000000008000e80        0x0 c:/st/stm32cubeide_1.0.2/stm32cubeide/plugins/com.st.stm32cube.ide.mcu.externaltools.gnu-tools-for-stm32.7-2018-q2-update.win32_1.0.0.201904181610/tools/bin/../lib/gcc/arm-none-eabi/7.3.1/thumb/v7e-m/crtbegin.o

.rodata         0x0000000008000e80        0x0
                0x0000000008000e80                . = ALIGN (0x4)
 *(.rodata)
 *(.rodata*)
                0x0000000008000e80                . = ALIGN (0x4)

.ARM.extab      0x0000000008000e80        0x0
                0x0000000008000e80                . = ALIGN (0x4)
 *(.ARM.extab* .gnu.linkonce.armextab.*)
                0x0000000008000e80                . = ALIGN (0x4)

.ARM            0x0000000008000e80        0x0
                0x0000000008000e80                . = ALIGN (0x4)
                0x0000000008000e80                __exidx_start = .
 *(.ARM.exidx*)
                0x0000000008000e80                __exidx_end = .
                0x0000000008000e80                . = ALIGN (0x4)

.preinit_array  0x0000000008000e80        0x0
                0x0000000008000e80                . = ALIGN (0x4)
                0x0000000008000e80                PROVIDE (__preinit_array_start = .)
 *(.preinit_array*)
                0x0000000008000e80                PROVIDE (__preinit_array_end = .)
                0x0000000008000e80                . = ALIGN (0x4)

.init_array     0x0000000008000e80        0x4
                0x0000000008000e80                . = ALIGN (0x4)
                0x0000000008000e80                PROVIDE (__init_array_start = .)
 *(SORT_BY_NAME(.init_array.*))
 *(.init_array*)
 .init_array    0x0000000008000e80        0x4 c:/st/stm32cubeide_1.0.2/stm32cubeide/plugins/com.st.stm32cube.ide.mcu.externaltools.gnu-tools-for-stm32.7-2018-q2-update.win32_1.0.0.201904181610/tools/bin/../lib/gcc/arm-none-eabi/7.3.1/thumb/v7e-m/crtbegin.o
                0x0000000008000e84                PROVIDE (__init_array_end = .)
                0x0000000008000e84                . = ALIGN (0x4)

.fini_array     0x0000000008000e84        0x4
                0x0000000008000e84                . = ALIGN (0x4)
                [!provide]                        PROVIDE (__fini_array_start = .)
 *(SORT_BY_NAME(.fini_array.*))
 *(.fini_array*)
 .fini_array    0x0000000008000e84        0x4 c:/st/stm32cubeide_1.0.2/stm32cubeide/plugins/com.st.stm32cube.ide.mcu.externaltools.gnu-tools-for-stm32.7-2018-q2-update.win32_1.0.0.201904181610/tools/bin/../lib/gcc/arm-none-eabi/7.3.1/thumb/v7e-m/crtbegin.o
                [!provide]                        PROVIDE (__fini_array_end = .)
                0x0000000008000e88                . = ALIGN (0x4)
                0x0000000008000e88                _sidata = LOADADDR (.data)

.data           0x0000000020000000      0x414 load address 0x0000000008000e88
                0x0000000020000000                . = ALIGN (0x4)
                0x0000000020000000                _sdata = .
 *(.data)
 *(.data*)
 .data.msg      0x0000000020000000      0x400 Src/uart_tx.o
                0x0000000020000000                msg
 .data.AHB_PreScaler
                0x0000000020000400       0x10 driver/Src/stm32f407xx_rcc_driver.o
                0x0000000020000400                AHB_PreScaler
 .data.APB1_PreScaler
                0x0000000020000410        0x4 driver/Src/stm32f407xx_rcc_driver.o
                0x0000000020000410                APB1_PreScaler
                0x0000000020000414                . = ALIGN (0x4)
                0x0000000020000414                _edata = .

.igot.plt       0x0000000020000414        0x0 load address 0x000000000800129c
 .igot.plt      0x0000000020000414        0x0 c:/st/stm32cubeide_1.0.2/stm32cubeide/plugins/com.st.stm32cube.ide.mcu.externaltools.gnu-tools-for-stm32.7-2018-q2-update.win32_1.0.0.201904181610/tools/bin/../lib/gcc/arm-none-eabi/7.3.1/thumb/v7e-m/crtbegin.o
                0x0000000020000414                . = ALIGN (0x4)

.bss            0x0000000020000414       0x40 load address 0x000000000800129c
                0x0000000020000414                _sbss = .
                0x0000000020000414                __bss_start__ = _sbss
 *(.bss)
 .bss           0x0000000020000414       0x1c c:/st/stm32cubeide_1.0.2/stm32cubeide/plugins/com.st.stm32cube.ide.mcu.externaltools.gnu-tools-for-stm32.7-2018-q2-update.win32_1.0.0.201904181610/tools/bin/../lib/gcc/arm-none-eabi/7.3.1/thumb/v7e-m/crtbegin.o
 *(.bss*)
 *(COMMON)
 COMMON         0x0000000020000430       0x24 Src/uart_tx.o
                0x0000000020000430                usart2_handle
                0x0000000020000454                . = ALIGN (0x4)
                0x0000000020000454                _ebss = .
                0x0000000020000454                __bss_end__ = _ebss

._user_heap_stack
                0x0000000020000454      0x604 load address 0x000000000800129c
                0x0000000020000458                . = ALIGN (0x8)
 *fill*         0x0000000020000454        0x4 
                0x0000000020000458                PROVIDE (end = .)
                [!provide]                        PROVIDE (_end = .)
                0x0000000020000658                . = (. + _Min_Heap_Size)
 *fill*         0x0000000020000458      0x200 
                0x0000000020000a58                . = (. + _Min_Stack_Size)
 *fill*         0x0000000020000658      0x400 
                0x0000000020000a58                . = ALIGN (0x8)

/DISCARD/
 libc.a(*)
 libm.a(*)
 libgcc.a(*)

.ARM.attributes
                0x0000000000000000       0x2a
 *(.ARM.attributes)
 .ARM.attributes
                0x0000000000000000       0x1e c:/st/stm32cubeide_1.0.2/stm32cubeide/plugins/com.st.stm32cube.ide.mcu.externaltools.gnu-tools-for-stm32.7-2018-q2-update.win32_1.0.0.201904181610/tools/bin/../lib/gcc/arm-none-eabi/7.3.1/thumb/v7e-m/crti.o
 .ARM.attributes
                0x000000000000001e       0x2e c:/st/stm32cubeide_1.0.2/stm32cubeide/plugins/com.st.stm32cube.ide.mcu.externaltools.gnu-tools-for-stm32.7-2018-q2-update.win32_1.0.0.201904181610/tools/bin/../lib/gcc/arm-none-eabi/7.3.1/thumb/v7e-m/crtbegin.o
 .ARM.attributes
                0x000000000000004c       0x33 Src/uart_tx.o
 .ARM.attributes
                0x000000000000007f       0x21 Startup/startup_stm32f407vgtx.o
 .ARM.attributes
                0x00000000000000a0       0x33 driver/Src/stm32f407xx_gpiodriver.o
 .ARM.attributes
                0x00000000000000d3       0x33 driver/Src/stm32f407xx_rcc_driver.o
 .ARM.attributes
                0x0000000000000106       0x33 driver/Src/stm32f407xx_uartdriver.o
 .ARM.attributes
                0x0000000000000139       0x2e c:/st/stm32cubeide_1.0.2/stm32cubeide/plugins/com.st.stm32cube.ide.mcu.externaltools.gnu-tools-for-stm32.7-2018-q2-update.win32_1.0.0.201904181610/tools/bin/../lib/gcc/arm-none-eabi/7.3.1/../../../../arm-none-eabi/lib/thumb/v7e-m\libc_nano.a(lib_a-init.o)
 .ARM.attributes
                0x0000000000000167       0x17 c:/st/stm32cubeide_1.0.2/stm32cubeide/plugins/com.st.stm32cube.ide.mcu.externaltools.gnu-tools-for-stm32.7-2018-q2-update.win32_1.0.0.201904181610/tools/bin/../lib/gcc/arm-none-eabi/7.3.1/../../../../arm-none-eabi/lib/thumb/v7e-m\libc_nano.a(lib_a-strlen.o)
 .ARM.attributes
                0x000000000000017e       0x1e c:/st/stm32cubeide_1.0.2/stm32cubeide/plugins/com.st.stm32cube.ide.mcu.externaltools.gnu-tools-for-stm32.7-2018-q2-update.win32_1.0.0.201904181610/tools/bin/../lib/gcc/arm-none-eabi/7.3.1/thumb/v7e-m/crtn.o
OUTPUT(driver_stm32f407G.elf elf32-littlearm)

.debug_info     0x0000000000000000     0x1ce5
 .debug_info    0x0000000000000000      0xbfc Src/uart_tx.o
 .debug_info    0x0000000000000bfc       0x22 Startup/startup_stm32f407vgtx.o
 .debug_info    0x0000000000000c1e      0x711 driver/Src/stm32f407xx_gpiodriver.o
 .debug_info    0x000000000000132f      0x371 driver/Src/stm32f407xx_rcc_driver.o
 .debug_info    0x00000000000016a0      0x645 driver/Src/stm32f407xx_uartdriver.o

.debug_abbrev   0x0000000000000000      0x609
 .debug_abbrev  0x0000000000000000      0x20a Src/uart_tx.o
 .debug_abbrev  0x000000000000020a       0x12 Startup/startup_stm32f407vgtx.o
 .debug_abbrev  0x000000000000021c      0x159 driver/Src/stm32f407xx_gpiodriver.o
 .debug_abbrev  0x0000000000000375       0xfd driver/Src/stm32f407xx_rcc_driver.o
 .debug_abbrev  0x0000000000000472      0x197 driver/Src/stm32f407xx_uartdriver.o

.debug_aranges  0x0000000000000000      0x168
 .debug_aranges
                0x0000000000000000       0x40 Src/uart_tx.o
 .debug_aranges
                0x0000000000000040       0x28 Startup/startup_stm32f407vgtx.o
 .debug_aranges
                0x0000000000000068       0x70 driver/Src/stm32f407xx_gpiodriver.o
 .debug_aranges
                0x00000000000000d8       0x30 driver/Src/stm32f407xx_rcc_driver.o
 .debug_aranges
                0x0000000000000108       0x60 driver/Src/stm32f407xx_uartdriver.o

.debug_ranges   0x0000000000000000      0x120
 .debug_ranges  0x0000000000000000       0x30 Src/uart_tx.o
 .debug_ranges  0x0000000000000030       0x20 Startup/startup_stm32f407vgtx.o
 .debug_ranges  0x0000000000000050       0x60 driver/Src/stm32f407xx_gpiodriver.o
 .debug_ranges  0x00000000000000b0       0x20 driver/Src/stm32f407xx_rcc_driver.o
 .debug_ranges  0x00000000000000d0       0x50 driver/Src/stm32f407xx_uartdriver.o

.debug_macro    0x0000000000000000     0x141e
 .debug_macro   0x0000000000000000      0x22a Src/uart_tx.o
 .debug_macro   0x000000000000022a       0x97 Src/uart_tx.o
 .debug_macro   0x00000000000002c1       0xfd Src/uart_tx.o
 .debug_macro   0x00000000000003be       0x16 Src/uart_tx.o
 .debug_macro   0x00000000000003d4       0x20 Src/uart_tx.o
 .debug_macro   0x00000000000003f4       0xef Src/uart_tx.o
 .debug_macro   0x00000000000004e3      0x1df Src/uart_tx.o
 .debug_macro   0x00000000000006c2      0x666 Src/uart_tx.o
 .debug_macro   0x0000000000000d28       0x94 Src/uart_tx.o
 .debug_macro   0x0000000000000dbc       0xee Src/uart_tx.o
 .debug_macro   0x0000000000000eaa       0xd6 Src/uart_tx.o
 .debug_macro   0x0000000000000f80       0xaf driver/Src/stm32f407xx_gpiodriver.o
 .debug_macro   0x000000000000102f       0x8e driver/Src/stm32f407xx_gpiodriver.o
 .debug_macro   0x00000000000010bd       0x51 driver/Src/stm32f407xx_gpiodriver.o
 .debug_macro   0x000000000000110e       0xe8 driver/Src/stm32f407xx_gpiodriver.o
 .debug_macro   0x00000000000011f6       0xa9 driver/Src/stm32f407xx_rcc_driver.o
 .debug_macro   0x000000000000129f       0xaf driver/Src/stm32f407xx_uartdriver.o
 .debug_macro   0x000000000000134e       0xd0 driver/Src/stm32f407xx_uartdriver.o

.debug_line     0x0000000000000000     0x17e5
 .debug_line    0x0000000000000000      0x6bc Src/uart_tx.o
 .debug_line    0x00000000000006bc       0x84 Startup/startup_stm32f407vgtx.o
 .debug_line    0x0000000000000740      0x66f driver/Src/stm32f407xx_gpiodriver.o
 .debug_line    0x0000000000000daf      0x485 driver/Src/stm32f407xx_rcc_driver.o
 .debug_line    0x0000000000001234      0x5b1 driver/Src/stm32f407xx_uartdriver.o

.debug_str      0x0000000000000000     0xac51
 .debug_str     0x0000000000000000     0xa79a Src/uart_tx.o
                                       0xa9f1 (size before relaxing)
 .debug_str     0x000000000000a79a       0x31 Startup/startup_stm32f407vgtx.o
                                         0x5a (size before relaxing)
 .debug_str     0x000000000000a7cb      0x2a8 driver/Src/stm32f407xx_gpiodriver.o
                                       0x669b (size before relaxing)
 .debug_str     0x000000000000aa73       0xc0 driver/Src/stm32f407xx_rcc_driver.o
                                       0x64dd (size before relaxing)
 .debug_str     0x000000000000ab33      0x11e driver/Src/stm32f407xx_uartdriver.o
                                       0x6667 (size before relaxing)

.comment        0x0000000000000000       0x7b
 .comment       0x0000000000000000       0x7b Src/uart_tx.o
                                         0x7c (size before relaxing)
 .comment       0x000000000000007b       0x7c driver/Src/stm32f407xx_gpiodriver.o
 .comment       0x000000000000007b       0x7c driver/Src/stm32f407xx_rcc_driver.o
 .comment       0x000000000000007b       0x7c driver/Src/stm32f407xx_uartdriver.o

.debug_frame    0x0000000000000000      0x490
 .debug_frame   0x0000000000000000       0xb8 Src/uart_tx.o
 .debug_frame   0x00000000000000b8      0x1c8 driver/Src/stm32f407xx_gpiodriver.o
 .debug_frame   0x0000000000000280       0x7c driver/Src/stm32f407xx_rcc_driver.o
 .debug_frame   0x00000000000002fc      0x168 driver/Src/stm32f407xx_uartdriver.o
 .debug_frame   0x0000000000000464       0x2c c:/st/stm32cubeide_1.0.2/stm32cubeide/plugins/com.st.stm32cube.ide.mcu.externaltools.gnu-tools-for-stm32.7-2018-q2-update.win32_1.0.0.201904181610/tools/bin/../lib/gcc/arm-none-eabi/7.3.1/../../../../arm-none-eabi/lib/thumb/v7e-m\libc_nano.a(lib_a-init.o)
